// Jest Snapshot v1, https://goo.gl/fbAQLP

exports[`<LetterBox /> snapshot 1`] = `
<View
  style={
    {
      "alignItems": "center",
      "backgroundColor": "#e8f2fb",
      "borderRadius": 8,
      "height": 40,
      "justifyContent": "center",
      "width": 40,
    }
  }
>
  <Text
    style={
      {
        "color": "#0370ce",
        "fontSize": 18,
        "fontStyle": "normal",
        "fontWeight": 800,
      }
    }
  >
    S
  </Text>
</View>
`;
